hv@hv-IdeaPad-Gaming-3-15IHU6:/media/hv/D1/Projects/chiron$ make linux-sim DEBUG=1
g++ -O3 -DVL_THREADED=1 -pthread -DCHIRON_NO_TRACE -I . -I /usr/share/verilator/include -I sim/rtl/obj_dir_save -DSTEP_TIMEOUT=5000000 /usr/share/verilator/include/verilated.cpp /usr/share/verilator/include/verilated_vcd_c.cpp /usr/share/verilator/include/verilated_save.cpp /usr/share/verilator/include/verilated_threads.cpp -DSHOW_TERMINAL sim/harness/linux_sim.cpp sim/rtl/obj_dir_save/Vsystem__ALL.a -o build/linux_sim.out
== RTL boot: bins/linux-q4.bin (Verilator ~thousands of cyc/s) ==
   debug log: build/linux-sim.log   checkpoints: ckpt/ every 20000000 cyc
[    0.000000] Linux version 6.3.0-rc4-dirty (hv@hv-IdeaPad-Gaming-3-15IHU6) (riscv64-buildroot-linux-uclibc-gcc.br_real (Buildroot -g873407b4) 13.3.0, GNU ld (GNU Binutils) 2.43.1) #4 SMP Thu Aug 13 10:15:31 +0530 2026
[    0.000000] OF: fdt: Ignoring memory range 0x80000000 - 0x80200000
[    0.000000] Machine model: shakti,spike-bare
[    0.000000] earlycon: uartlite0 at MMIO 0x0000000040600000 (options '')
[    0.000000] printk: bootconsole [uartlite0] enabled
[    0.000000] Zone ranges:
[    0.000000]   DMA32    [mem 0x0000000080200000-0x0000000087ffffff]
[    0.000000]   Normal   empty
[    0.000000] Movable zone start for each node
[    0.000000] Early memory node ranges
[    0.000000]   node   0: [mem 0x0000000080200000-0x0000000087ffffff]
[    0.000000] Initmem setup node 0 [mem 0x0000000080200000-0x0000000087ffffff]
[    0.000000] riscv: base ISA extensions aim
[    0.000000] riscv: ELF capabilities aim
[    0.000000] percpu: max_distance=0x3c000 too large for vmalloc space 0x0
[    0.000000] percpu: Embedded 15 pages/cpu s30112 r0 d31328 u61440
[    0.000000] percpu: wasting 4 pages per chunk
[    0.000000] Built 1 zonelists, mobility grouping on.  Total pages: 31752
[    0.000000] Kernel command line: earlycon=uartlite,0x40600000 console=ttyUL0 root=/dev/ram rw rootfstype=ramfs
[    0.000000] Dentry cache hash table entries: 16384 (order: 5, 131072 bytes, linear)
[    0.000000] Inode-cache hash table entries: 8192 (order: 4, 65536 bytes, linear)
[    0.000000] Sorting __ex_table...
[    0.000000] mem auto-init: stack:off, heap alloc:off, heap free:off
[    0.000000] Memory: 120800K/129024K available (3385K kernel code, 638K rwdata, 669K rodata, 816K init, 211K bss, 8224K reserved, 0K cma-reserved)
[    0.000000] SLUB: HWalign=64, Order=0-3, MinObjects=0, CPUs=4, Nodes=1
[    0.000000] rcu: Hierarchical RCU implementation.
[    0.000000] rcu:     RCU debug extended QS entry/exit.
[    0.000000]  Tracing variant of Tasks RCU enabled.
[    0.000000] rcu: RCU calculated value of scheduler-enlistment delay is 25 jiffies.
[    0.000000] NR_IRQS: 64, nr_irqs: 64, preallocated irqs: 0
[    0.000000] riscv-intc: 64 local interrupts mapped
[    0.000000] plic: interrupt-controller@c000000: mapped 31 interrupts with 4 handlers for 4 contexts.
[    0.000000] rcu: srcu_init: Setting srcu_struct sizes based on contention.
[    0.000000] clint: clint@2000000: timer running at 6250000 Hz
[    0.000000] clocksource: clint_clocksource: mask: 0xffffffffffffffff max_cycles: 0x171024e6b, max_idle_ns: 440795202301 ns
[    0.000028] sched_clock: 64 bits at 6MHz, resolution 160ns, wraps every 4398046511040ns
[    0.007460] Console: colour dummy device 80x25
[    0.009043] Calibrating delay loop (skipped), value calculated using timer frequency.. 12.50 BogoMIPS (lpj=25000)
[    0.010967] pid_max: default: 32768 minimum: 301
[    0.016152] Mount-cache hash table entries: 512 (order: 0, 4096 bytes, linear)
[    0.017454] Mountpoint-cache hash table entries: 512 (order: 0, 4096 bytes, linear)
[    0.049794] cacheinfo: Unable to detect cache hierarchy for CPU 0
[    0.078667] cblist_init_generic: Setting adjustable number of callback queues.
[    0.080191] cblist_init_generic: Setting shift to 2 and lim to 1.
[    0.090236] rcu: Hierarchical SRCU implementation.
[    0.090991] rcu:     Max phase no-delay instances is 1000.
[    0.116735] smp: Bringing up secondary CPUs ...
[    0.139700] cacheinfo: Unable to detect cache hierarchy for CPU 1
[    0.170067] cacheinfo: Unable to detect cache hierarchy for CPU 2
[    0.212374] cacheinfo: Unable to detect cache hierarchy for CPU 3
[    0.222104] smp: Brought up 1 node, 4 CPUs
[    0.262299] devtmpfs: initialized
[    0.275672] clocksource: jiffies: mask: 0xffffffff max_cycles: 0xffffffff, max_idle_ns: 7645041785100000 ns
[    0.278307] futex hash table entries: 1024 (order: 4, 65536 bytes, linear)
[    0.315038] cpuidle: using governor menu
[    0.446162] clocksource: Switched to clocksource clint_clocksource
[    1.118030] workingset: timestamp_bits=46 max_order=15 bucket_order=0
[    2.019971] 40600000.uart: ttyUL0 at MMIO 0x40600000 (irq = 1, base_baud = 0) is a uartlite
[    2.023058] printk: console [ttyUL0] enabled
[    2.023058] printk: console [ttyUL0] enabled
[    2.027238] printk: bootconsole [uartlite0] disabled
[    2.027238] printk: bootconsole [uartlite0] disabled
[    2.051312] cacheinfo: Unable to detect cache hierarchy for CPU 0
[    2.305294] Legacy PMU implementation is available
[    6.635010] Freeing unused kernel image (initmem) memory: 812K
[    6.640179] This architecture does not have kernel memory protection.
[    6.646859] Run /init as init process
mount: mounting proc on /proc failed: No such device
mount: can't read '/proc/mounts': No such file or directory
mount: mounting proc on /proc failed: No such device
mount: mounting devpts on /dev/pts failed: No such device
mount: mounting sysfs on /sys failed: No such device
Starting syslogd: OK
Starting klogd: OK
Running sysctl: OK
seedrng: can't determine pool size, assuming 256 bits: No such file or directory
Saving 256 bits of non-creditable seed for next boot
Starting network: ip: socket: Function not implemented
ip: socket: Function not implemented
FAIL

Welcome to Buildroot
buildroot login: root
Jan  1 00:00:28 login[104]: root login on 'console'
sh: can't execute 'export': No such file or directory
sh: can't execute 'export': No such file or directory
sh: can't execute 'umask': No such file or directory
sh: can't execute 'unset': No such file or directory
~ # nproc
nnproc
c
sh: can't execute 'nnproc': No such file or directory
~ # nproc 
roc
pro
sh: can't execute 'proc': No such file or directory
~ # npro
sh: can't execute 'npro': No such file or directory
~ # nproc
nproc
4
~ #  
